DATE:Wed Sep 30 07:34:38 UTC 2026
Filesystem      Size  Used Avail Use% Mounted on
none            3.9G     0  3.9G   0% /usr/lib/modules/6.18.33.2-microsoft-standard-WSL2
none            3.9G  4.0K  3.9G   1% /mnt/wsl
drivers         378G  302G   76G  81% /usr/lib/wsl/drivers
/dev/sdd       1007G  2.7G  953G   1% /
none            3.9G   48K  3.9G   1% /mnt/wslg
none            3.9G     0  3.9G   0% /usr/lib/wsl/lib
rootfs          3.9G  2.8M  3.8G   1% /init
none            3.9G  592K  3.9G   1% /run
none            3.9G     0  3.9G   0% /run/lock
none            3.9G     0  3.9G   0% /run/shm
none            3.9G   80K  3.9G   1% /mnt/wslg/versions.txt
none            3.9G   80K  3.9G   1% /mnt/wslg/doc
C:\             378G  302G   76G  81% /mnt/c
tmpfs           3.9G     0  3.9G   0% /tmp
none            1.0M     0  1.0M   0% /run/credentials/systemd-journald.service
none            1.0M     0  1.0M   0% /run/credentials/systemd-resolved.service
none            1.0M     0  1.0M   0% /run/credentials/getty@tty1.service
tmpfs           780M   12K  780M   1% /run/user/1000
DATE:Wed Sep 30 07:35:47 UTC 2026
Filesystem      Size  Used Avail Use% Mounted on
none            3.9G     0  3.9G   0% /usr/lib/modules/6.18.33.2-microsoft-standard-WSL2
none            3.9G  4.0K  3.9G   1% /mnt/wsl
drivers         378G  302G   76G  81% /usr/lib/wsl/drivers
/dev/sdd       1007G  2.7G  953G   1% /
none            3.9G   48K  3.9G   1% /mnt/wslg
none            3.9G     0  3.9G   0% /usr/lib/wsl/lib
rootfs          3.9G  2.8M  3.8G   1% /init
none            3.9G  592K  3.9G   1% /run
none            3.9G     0  3.9G   0% /run/lock
none            3.9G     0  3.9G   0% /run/shm
none            3.9G   80K  3.9G   1% /mnt/wslg/versions.txt
none            3.9G   80K  3.9G   1% /mnt/wslg/doc
C:\             378G  302G   76G  81% /mnt/c
tmpfs           3.9G     0  3.9G   0% /tmp
none            1.0M     0  1.0M   0% /run/credentials/systemd-journald.service
none            1.0M     0  1.0M   0% /run/credentials/systemd-resolved.service
none            1.0M     0  1.0M   0% /run/credentials/getty@tty1.service
tmpfs           780M   12K  780M   1% /run/user/1000
